
======================================================================
TESTING TRAINING VIA REAL API ROUTE
======================================================================

[Step 1] Login to hospital CGH-001...
[OK] Login successful

[Step 2] POST /api/training/start via HTTP...
  Dataset ID: 1
  Target: flu_cases (from active round)
  Epochs: 1

  Sending POST request to http://localhost:8000/api/training/start...

[Response] HTTP Status: 201
[SUCCESS] HTTP 200/201 received!

======================================================================
TRAINING SUCCESSFUL - RESULTS:
======================================================================
  Model ID: 3
  Model Path: D:/federated-healthcare/models\CGH-001\tft_model_dataset_1.pt
  Model Type: tft
  Status: training_complete

  Metrics:
    - Train Loss: 16.0948965549469
    - Epsilon Spent: 3.3097333637326374
    - Delta: 1e-05
    - Epochs: 1
    - Device: cpu
    - DP Method: manual_dp_sgd

======================================================================
Γ£ô NO tuple.detach error
Γ£ô NO hidden exception
Γ£ô Training completed successfully via API
======================================================================
